../Core/Src/main.c:71:6:clearCNNinput	24	static
../Core/Src/main.c:85:6:resetButtonPressed	32	static
../Core/Src/main.c:100:6:drawInterface	24	static
../Core/Src/main.c:126:6:drawMinimap	24	static
../Core/Src/main.c:150:5:main	120	static
../Core/Src/main.c:363:6:SystemClock_Config	88	static
../Core/Src/main.c:409:13:MX_SPI1_Init	8	static
../Core/Src/main.c:447:13:MX_SPI2_Init	8	static
../Core/Src/main.c:485:13:MX_USART1_UART_Init	8	static
../Core/Src/main.c:516:13:MX_DMA_Init	16	static
../Core/Src/main.c:534:13:MX_GPIO_Init	40	static
../Core/Src/main.c:583:6:Error_Handler	4	static,ignoring_inline_asm
