../Core/Src/main.c:67:6:clearCNNinput	24	static
../Core/Src/main.c:81:6:resetButtonPressed	32	static
../Core/Src/main.c:95:6:drawInterface	24	static
../Core/Src/main.c:122:6:drawMinimap	24	static
../Core/Src/main.c:148:5:main	6384	static
../Core/Src/main.c:351:6:SystemClock_Config	88	static
../Core/Src/main.c:397:13:MX_SPI1_Init	8	static
../Core/Src/main.c:435:13:MX_SPI2_Init	8	static
../Core/Src/main.c:471:13:MX_DMA_Init	16	static
../Core/Src/main.c:489:13:MX_GPIO_Init	40	static
../Core/Src/main.c:538:6:Error_Handler	4	static,ignoring_inline_asm
